-- feed.xml --
<?xml version="1.0" encoding="UTF-8"?><feed xmlns="http://www.w3.org/2005/Atom">
  <title>Ilya Mateyko</title>
  <id>https://astrophena.name/</id>
  <updated>2023-12-08T00:00:00Z</updated>
  <link href="https://astrophena.name/"></link>
  <author>
    <name>Ilya Mateyko</name>
  </author>
</feed>
-- index.html --
<html>
  <body>
    
<h1>hello, world!</h1>

<p><figure>
  <img alt="Test" src="/test.jpg" loading="lazy"/>
  <figcaption>Test</figcaption>
</figure></p>


  </body>
</html>
-- robots.txt --
User-agent: *
-- test-dc122cd797e76d1e0b07efe6262829098581816f1727d9a883bd4052a4e659ef --
test

